### scripts/run_change_guard.sh
[OK] drift check passed
[RUN] python3 -m compileall -q -x '/\.venv/' . && .venv/bin/pytest tests/ -v
============================= test session starts ==============================
platform darwin -- Python 3.14.3, pytest-9.0.2, pluggy-1.6.0 -- /Users/ericmr/Documents/GitHub/wdg-data-foundation/.venv/bin/python
cachedir: .pytest_cache
rootdir: /Users/ericmr/Documents/GitHub/wdg-data-foundation
collecting ... collected 16 items

tests/test_classify.py::test_json_rules_count_ge_csv_rules PASSED        [  6%]
tests/test_classify.py::test_empty_summary_returns_none PASSED           [ 12%]
tests/test_classify.py::test_whitespace_only_summary_returns_none PASSED [ 18%]
tests/test_classify.py::test_none_fields_handled PASSED                  [ 25%]
tests/test_classify.py::test_direction_in_with_positive_in_amt PASSED    [ 31%]
tests/test_classify.py::test_direction_out_with_zero_in_amt PASSED       [ 37%]
tests/test_classify.py::test_unknown_text_returns_none PASSED            [ 43%]
tests/test_classify.py::test_case_insensitive_match PASSED               [ 50%]
tests/test_classify.py::test_summary_takes_priority_over_memo PASSED     [ 56%]
tests/test_classify.py::test_memo_tried_when_summary_empty PASSED        [ 62%]
tests/test_classify.py::test_real_rule_报销_out PASSED                   [ 68%]
tests/test_classify.py::test_real_rule_绿植_out PASSED                   [ 75%]
tests/test_classify.py::test_real_rule_奶皮子_out PASSED                 [ 81%]
tests/test_classify.py::test_rules_version_is_set PASSED                 [ 87%]
tests/test_classify.py::test_all_rules_have_required_fields PASSED       [ 93%]
tests/test_classify.py::test_priority_is_sorted PASSED                   [100%]

============================== 16 passed in 0.02s ==============================
[OK] change guard passed
